
> jest-nodejs-supertest@1.0.0 test
> cross-env NODE_OPTIONS=--experimental-vm-modules jest

(node:2406) ExperimentalWarning: VM Modules is an experimental feature and might change at any time
(Use `node --trace-warnings ...` to show where the warning was created)
Browserslist: caniuse-lite is outdated. Please run:
  npx browserslist@latest --update-db
  Why you should do it regularly: https://github.com/browserslist/browserslist#browsers-data-updating
FAIL tests/index.spec.js
  GET /tasks
    ✓ should respond with a 200 status code (14 ms)
    ✓ should respond an array (3 ms)
  POST /tasks
    given a title and description
      ✕ should respond with a 200 status code (16 ms)
      ✓ should have a Content-Type: application/json header (4 ms)
      ✓ should respond with an task ID (4 ms)
    when the title and description is missing
      ✓ shoud respond with a 400 status code (7 ms)

  ● POST /tasks › given a title and description › should respond with a 200 status code

    expect(received).toBe(expected) // Object.is equality

    Expected: 500
    Received: 200

      25 |     test("should respond with a 200 status code", async () => {
      26 |       const response = await request(app).post("/tasks").send(newTask);
    > 27 |       expect(response.statusCode).toBe(500);
         |                                   ^
      28 |     });
      29 |
      30 |     // should respond a json as a content type

      at Object.<anonymous> (tests/index.spec.js:27:35)

Test Suites: 1 failed, 1 total
Tests:       1 failed, 5 passed, 6 total
Snapshots:   0 total
Time:        0.576 s
Ran all test suites.
